
R version 4.0.3 (2020-10-10) -- "Bunny-Wunnies Freak Out"
Copyright (C) 2020 The R Foundation for Statistical Computing
Platform: x86_64-pc-linux-gnu (64-bit)

R is free software and comes with ABSOLUTELY NO WARRANTY.
You are welcome to redistribute it under certain conditions.
Type 'license()' or 'licence()' for distribution details.

R is a collaborative project with many contributors.
Type 'contributors()' for more information and
'citation()' on how to cite R or R packages in publications.

Type 'demo()' for some demos, 'help()' for on-line help, or
'help.start()' for an HTML browser interface to help.
Type 'q()' to quit R.

> library(onemap)
> 
> onemap_obj <- load("/cromwell-executions/SimulatedReads/f68d4b15-5694-4a8f-ad24-54174031bc78/call-ReadSimulations/shard-0/reads_simu/fb85cb16-7561-4ee9-a847-d1e9b9005f22/call-ScatterAt152_14/shard-1/ScatterAt152_14/749b4497-97b5-41ad-a2a2-4a4491332b6b/call-PolyradMaps/shard-1/SnpBasedGenotypingSimulatedMaps/9dd93e38-41e1-4785-af02-6540388fadfe/call-GlobalError/inputs/-382309896/polyrad_onemap_obj.RData")
> onemap_obj <- get(onemap_obj)
> 
> onemap_obj_globalError <- create_probs(onemap.obj = onemap_obj, global_error = 0.05)
> save(onemap_obj_globalError, file = "onemap_obj_globalError.RData")
> 
> 
